   Compiling proc-macro2 v1.0.95
   Compiling autocfg v1.4.0
   Compiling target-lexicon v0.13.2
   Compiling unicode-ident v1.0.18
   Compiling once_cell v1.21.3
   Compiling crossbeam-utils v0.8.21
   Compiling version_check v0.9.5
   Compiling libc v0.2.172
   Compiling cfg-if v1.0.0
   Compiling windows_x86_64_msvc v0.52.6
   Compiling typenum v1.18.0
   Compiling getrandom v0.3.3
   Compiling zerocopy v0.8.25
   Compiling rawpointer v0.2.1
   Compiling ident_case v1.0.1
   Compiling shlex v1.3.0
   Compiling serde v1.0.219
   Compiling rayon-core v1.12.1
   Compiling heck v0.5.0
   Compiling fnv v1.0.7
   Compiling anyhow v1.0.98
   Compiling strsim v0.11.1
   Compiling cc v1.2.25
   Compiling either v1.15.0
   Compiling ort-sys v2.0.0-rc.12
   Compiling indoc v2.0.6
   Compiling smallvec v1.15.0
   Compiling portable-atomic v1.11.0
   Compiling generic-array v0.14.7
   Compiling num-traits v0.2.19
   Compiling matrixmultiply v0.3.10
   Compiling memoffset v0.9.1
   Compiling lock_api v0.4.13
   Compiling parking_lot_core v0.9.11
   Compiling inventory v0.3.20
   Compiling unindent v0.2.4
   Compiling syn v1.0.109
   Compiling libmimalloc-sys v0.1.42
   Compiling ahash v0.8.12
   Compiling rand_core v0.6.4
   Compiling windows-targets v0.52.6
   Compiling unicode-width v0.2.0
   Compiling serde_json v1.0.140
   Compiling log v0.4.27
   Compiling rand_core v0.9.3
   Compiling windows-link v0.2.1
   Compiling quote v1.0.40
   Compiling windows-sys v0.59.0
   Compiling adler2 v2.0.0
   Compiling encode_unicode v1.0.0
   Compiling pyo3-build-config v0.25.0
   Compiling scopeguard v1.2.0
   Compiling libloading v0.9.0
   Compiling wyhash v0.5.0
   Compiling num-complex v0.4.6
   Compiling syn v2.0.101
   Compiling num-integer v0.1.46
   Compiling crossbeam-epoch v0.9.18
   Compiling crossbeam-channel v0.5.15
   Compiling crossbeam-queue v0.3.12
   Compiling miniz_oxide v0.8.8
   Compiling crc32fast v1.4.2
   Compiling crossbeam-deque v0.8.6
   Compiling number_prefix v0.4.0
   Compiling rustc-hash v2.1.1
   Compiling memchr v2.7.4
   Compiling ppv-lite86 v0.2.21
   Compiling console v0.15.11
   Compiling tinyvec_macros v0.1.1
   Compiling arc-swap v1.7.1
   Compiling ryu v1.0.20
   Compiling keccak v0.1.5
   Compiling ndarray v0.17.2
   Compiling ndarray v0.16.1
   Compiling itoa v1.0.15
   Compiling crypto-common v0.1.6
   Compiling block-buffer v0.10.4
   Compiling flate2 v1.1.1
   Compiling crossbeam v0.8.4
   Compiling rand_chacha v0.9.0
   Compiling digest v0.10.7
   Compiling parking_lot v0.12.4
   Compiling glob v0.3.2
   Compiling byteorder v1.5.0
   Compiling rayon v1.10.0
   Compiling sha3 v0.10.8
   Compiling rand v0.9.1
   Compiling pyo3-macros-backend v0.25.0
   Compiling pyo3-ffi v0.25.0
   Compiling pyo3 v0.25.0
   Compiling numpy v0.25.0
   Compiling libriichi v0.1.0 (D:\tenhoulib\MortalSim\libriichi)
   Compiling mimalloc v0.1.46
   Compiling derivative v2.2.0
   Compiling darling_core v0.20.11
   Compiling indicatif v0.17.11
   Compiling boomphf v0.6.0
   Compiling serde_derive v1.0.219
   Compiling derive_more-impl v2.0.1
   Compiling derive_more v2.0.1
   Compiling darling_macro v0.20.11
   Compiling darling v0.20.11
   Compiling serde_with_macros v3.12.0
   Compiling pyo3-macros v0.25.0
   Compiling tinyvec v1.9.0
   Compiling serde_with v3.12.0
   Compiling ort v2.0.0-rc.12
   Compiling pyo3-log v0.12.4
    Finished `release` profile [optimized + debuginfo] target(s) in 3m 03s
