207 INFO: PyInstaller: 6.21.0, contrib hooks: 2026.6
208 INFO: Python: 3.13.14
239 INFO: Platform: Windows-11-10.0.26200-SP0
239 INFO: Python environment: C:\Users\HP\AppData\Local\Programs\Python\Python313
241 INFO: Removing temporary files and cleaning cache in C:\Users\HP\AppData\Local\pyinstaller
6841 INFO: Module search paths (PYTHONPATH):
['D:\\tenhoulib\\MortalSim',
 'C:\\Users\\HP\\AppData\\Local\\Programs\\Python\\Python313\\python313.zip',
 'C:\\Users\\HP\\AppData\\Local\\Programs\\Python\\Python313\\DLLs',
 'C:\\Users\\HP\\AppData\\Local\\Programs\\Python\\Python313\\Lib',
 'C:\\Users\\HP\\AppData\\Local\\Programs\\Python\\Python313',
 'C:\\Users\\HP\\AppData\\Roaming\\Python\\Python313\\site-packages',
 'C:\\Users\\HP\\AppData\\Local\\Programs\\Python\\Python313\\Lib\\site-packages',
 'D:\\tenhoulib\\MortalSim']
7275 INFO: Appending 'binaries' from .spec
7275 INFO: Appending 'datas' from .spec
7283 INFO: checking Analysis
7283 INFO: Building Analysis because Analysis-00.toc is non existent
7284 INFO: Looking for Python shared library...
7284 INFO: Using Python shared library: C:\Users\HP\AppData\Local\Programs\Python\Python313\python313.dll
7284 INFO: Running Analysis Analysis-00.toc
7284 INFO: Target bytecode optimization level: 0
7284 INFO: Initializing module dependency graph...
7287 INFO: Initializing module graph hook caches...
7331 INFO: Analyzing modules for base_library.zip ...
8415 INFO: Processing standard module hook 'hook-encodings.py' from 'C:\\Users\\HP\\AppData\\Local\\Programs\\Python\\Python313\\Lib\\site-packages\\PyInstaller\\hooks'
9261 INFO: Processing standard module hook 'hook-math.py' from 'C:\\Users\\HP\\AppData\\Local\\Programs\\Python\\Python313\\Lib\\site-packages\\PyInstaller\\hooks'
9305 INFO: Processing standard module hook 'hook-heapq.py' from 'C:\\Users\\HP\\AppData\\Local\\Programs\\Python\\Python313\\Lib\\site-packages\\PyInstaller\\hooks'
13468 INFO: Processing standard module hook 'hook-pickle.py' from 'C:\\Users\\HP\\AppData\\Local\\Programs\\Python\\Python313\\Lib\\site-packages\\PyInstaller\\hooks'
16808 INFO: Caching module dependency graph...
16920 INFO: Analyzing D:\tenhoulib\MortalSim\run_mortalsim.py
17018 INFO: Processing standard module hook 'hook-multiprocessing.util.py' from 'C:\\Users\\HP\\AppData\\Local\\Programs\\Python\\Python313\\Lib\\site-packages\\PyInstaller\\hooks'
17491 INFO: Processing standard module hook 'hook-xml.py' from 'C:\\Users\\HP\\AppData\\Local\\Programs\\Python\\Python313\\Lib\\site-packages\\PyInstaller\\hooks'
18226 INFO: Processing standard module hook 'hook-sysconfig.py' from 'C:\\Users\\HP\\AppData\\Local\\Programs\\Python\\Python313\\Lib\\site-packages\\PyInstaller\\hooks'
18236 INFO: Processing standard module hook 'hook-_ctypes.py' from 'C:\\Users\\HP\\AppData\\Local\\Programs\\Python\\Python313\\Lib\\site-packages\\PyInstaller\\hooks'
18921 INFO: Processing standard module hook 'hook-webbrowser.py' from 'C:\\Users\\HP\\AppData\\Local\\Programs\\Python\\Python313\\Lib\\site-packages\\PyInstaller\\hooks'
18988 INFO: Processing standard module hook 'hook-uvicorn.py' from 'C:\\Users\\HP\\AppData\\Local\\Programs\\Python\\Python313\\Lib\\site-packages\\_pyinstaller_hooks_contrib\\stdhooks'
21748 INFO: Processing standard module hook 'hook-platform.py' from 'C:\\Users\\HP\\AppData\\Local\\Programs\\Python\\Python313\\Lib\\site-packages\\PyInstaller\\hooks'
21860 INFO: Processing pre-safe-import-module hook 'hook-typing_extensions.py' from 'C:\\Users\\HP\\AppData\\Local\\Programs\\Python\\Python313\\Lib\\site-packages\\PyInstaller\\hooks\\pre_safe_import_module'
21865 INFO: SetuptoolsInfo: initializing cached setuptools info...
22957 INFO: Processing standard module hook 'hook-difflib.py' from 'C:\\Users\\HP\\AppData\\Local\\Programs\\Python\\Python313\\Lib\\site-packages\\PyInstaller\\hooks'
24394 INFO: Processing standard module hook 'hook-websockets.py' from 'C:\\Users\\HP\\AppData\\Local\\Programs\\Python\\Python313\\Lib\\site-packages\\_pyinstaller_hooks_contrib\\stdhooks'
26178 INFO: Processing standard module hook 'hook-anyio.py' from 'C:\\Users\\HP\\AppData\\Local\\Programs\\Python\\Python313\\Lib\\site-packages\\_pyinstaller_hooks_contrib\\stdhooks'
27924 INFO: Processing standard module hook 'hook-pydantic.py' from 'C:\\Users\\HP\\AppData\\Local\\Programs\\Python\\Python313\\Lib\\site-packages\\_pyinstaller_hooks_contrib\\stdhooks'
29071 INFO: Processing standard module hook 'hook-rich.py' from 'C:\\Users\\HP\\AppData\\Local\\Programs\\Python\\Python313\\Lib\\site-packages\\_pyinstaller_hooks_contrib\\stdhooks'
30212 INFO: Processing standard module hook 'hook-pygments.py' from 'C:\\Users\\HP\\AppData\\Local\\Programs\\Python\\Python313\\Lib\\site-packages\\PyInstaller\\hooks'
31552 INFO: Processing standard module hook 'hook-chardet.py' from 'C:\\Users\\HP\\AppData\\Local\\Programs\\Python\\Python313\\Lib\\site-packages\\_pyinstaller_hooks_contrib\\stdhooks'
35118 INFO: Processing standard module hook 'hook-zoneinfo.py' from 'C:\\Users\\HP\\AppData\\Local\\Programs\\Python\\Python313\\Lib\\site-packages\\_pyinstaller_hooks_contrib\\stdhooks'
38947 INFO: Processing standard module hook 'hook-numpy.py' from 'C:\\Users\\HP\\AppData\\Local\\Programs\\Python\\Python313\\Lib\\site-packages\\PyInstaller\\hooks'
42934 INFO: Processing standard module hook 'hook-psutil.py' from 'C:\\Users\\HP\\AppData\\Local\\Programs\\Python\\Python313\\Lib\\site-packages\\_pyinstaller_hooks_contrib\\stdhooks'
45571 INFO: Processing standard module hook 'hook-charset_normalizer.py' from 'C:\\Users\\HP\\AppData\\Local\\Programs\\Python\\Python313\\Lib\\site-packages\\_pyinstaller_hooks_contrib\\stdhooks'
46349 INFO: Processing standard module hook 'hook-lightgbm.py' from 'C:\\Users\\HP\\AppData\\Local\\Programs\\Python\\Python313\\Lib\\site-packages\\_pyinstaller_hooks_contrib\\stdhooks'
47472 INFO: Processing standard module hook 'hook-scipy.py' from 'C:\\Users\\HP\\AppData\\Local\\Programs\\Python\\Python313\\Lib\\site-packages\\PyInstaller\\hooks'
48524 INFO: Processing standard module hook 'hook-pycparser.py' from 'C:\\Users\\HP\\AppData\\Local\\Programs\\Python\\Python313\\Lib\\site-packages\\_pyinstaller_hooks_contrib\\stdhooks'
48919 INFO: Processing standard module hook 'hook-setuptools.py' from 'C:\\Users\\HP\\AppData\\Local\\Programs\\Python\\Python313\\Lib\\site-packages\\PyInstaller\\hooks'
48957 INFO: Processing pre-safe-import-module hook 'hook-distutils.py' from 'C:\\Users\\HP\\AppData\\Local\\Programs\\Python\\Python313\\Lib\\site-packages\\PyInstaller\\hooks\\pre_safe_import_module'
49034 INFO: Processing pre-safe-import-module hook 'hook-jaraco.py' from 'C:\\Users\\HP\\AppData\\Local\\Programs\\Python\\Python313\\Lib\\site-packages\\PyInstaller\\hooks\\pre_safe_import_module'
49035 INFO: Setuptools: 'jaraco' appears to be a full setuptools-vendored copy - creating alias to 'setuptools._vendor.jaraco'!
49061 INFO: Processing pre-safe-import-module hook 'hook-more_itertools.py' from 'C:\\Users\\HP\\AppData\\Local\\Programs\\Python\\Python313\\Lib\\site-packages\\PyInstaller\\hooks\\pre_safe_import_module'
49062 INFO: Setuptools: 'more_itertools' appears to be a setuptools-vendored copy - creating alias to 'setuptools._vendor.more_itertools'!
49765 INFO: Processing pre-safe-import-module hook 'hook-packaging.py' from 'C:\\Users\\HP\\AppData\\Local\\Programs\\Python\\Python313\\Lib\\site-packages\\PyInstaller\\hooks\\pre_safe_import_module'
50199 INFO: Processing standard module hook 'hook-setuptools._vendor.jaraco.text.py' from 'C:\\Users\\HP\\AppData\\Local\\Programs\\Python\\Python313\\Lib\\site-packages\\PyInstaller\\hooks'
50201 INFO: Processing pre-safe-import-module hook 'hook-importlib_resources.py' from 'C:\\Users\\HP\\AppData\\Local\\Programs\\Python\\Python313\\Lib\\site-packages\\PyInstaller\\hooks\\pre_safe_import_module'
50210 INFO: Processing pre-safe-import-module hook 'hook-backports.py' from 'C:\\Users\\HP\\AppData\\Local\\Programs\\Python\\Python313\\Lib\\site-packages\\PyInstaller\\hooks\\pre_safe_import_module'
50211 INFO: Setuptools: 'backports' appears to be a partial setuptools-vendored copy - extending search paths to ['C:\\Users\\HP\\AppData\\Local\\Programs\\Python\\Python313\\Lib\\site-packages\\setuptools\\_vendor\\backports', 'C:\\Users\\HP\\AppData\\Local\\Programs\\Python\\Python313\\Lib\\site-packages\\backports']!
50211 INFO: Processing pre-safe-import-module hook 'hook-backports.tarfile.py' from 'C:\\Users\\HP\\AppData\\Local\\Programs\\Python\\Python313\\Lib\\site-packages\\PyInstaller\\hooks\\pre_safe_import_module'
50212 INFO: Setuptools: 'backports.tarfile' appears to be a setuptools-vendored copy - creating alias to 'setuptools._vendor.backports.tarfile'!
50427 INFO: Processing standard module hook 'hook-backports.py' from 'C:\\Users\\HP\\AppData\\Local\\Programs\\Python\\Python313\\Lib\\site-packages\\_pyinstaller_hooks_contrib\\stdhooks'
50621 INFO: Processing pre-safe-import-module hook 'hook-importlib_metadata.py' from 'C:\\Users\\HP\\AppData\\Local\\Programs\\Python\\Python313\\Lib\\site-packages\\PyInstaller\\hooks\\pre_safe_import_module'
50622 INFO: Setuptools: 'importlib_metadata' appears to be a setuptools-vendored copy - creating alias to 'setuptools._vendor.importlib_metadata'!
50676 INFO: Processing standard module hook 'hook-setuptools._vendor.importlib_metadata.py' from 'C:\\Users\\HP\\AppData\\Local\\Programs\\Python\\Python313\\Lib\\site-packages\\PyInstaller\\hooks'
50707 INFO: Processing pre-safe-import-module hook 'hook-zipp.py' from 'C:\\Users\\HP\\AppData\\Local\\Programs\\Python\\Python313\\Lib\\site-packages\\PyInstaller\\hooks\\pre_safe_import_module'
50709 INFO: Setuptools: 'zipp' appears to be a setuptools-vendored copy - creating alias to 'setuptools._vendor.zipp'!
51180 INFO: Processing pre-safe-import-module hook 'hook-tomli.py' from 'C:\\Users\\HP\\AppData\\Local\\Programs\\Python\\Python313\\Lib\\site-packages\\PyInstaller\\hooks\\pre_safe_import_module'
52442 INFO: Processing pre-safe-import-module hook 'hook-wheel.py' from 'C:\\Users\\HP\\AppData\\Local\\Programs\\Python\\Python313\\Lib\\site-packages\\PyInstaller\\hooks\\pre_safe_import_module'
55319 INFO: Processing standard module hook 'hook-scipy.linalg.py' from 'C:\\Users\\HP\\AppData\\Local\\Programs\\Python\\Python313\\Lib\\site-packages\\PyInstaller\\hooks'
55675 INFO: Processing standard module hook 'hook-scipy.special._ufuncs.py' from 'C:\\Users\\HP\\AppData\\Local\\Programs\\Python\\Python313\\Lib\\site-packages\\PyInstaller\\hooks'
58951 INFO: Processing standard module hook 'hook-scipy.spatial._ckdtree.py' from 'C:\\Users\\HP\\AppData\\Local\\Programs\\Python\\Python313\\Lib\\site-packages\\PyInstaller\\hooks'
60329 INFO: Processing standard module hook 'hook-scipy.spatial.transform.rotation.py' from 'C:\\Users\\HP\\AppData\\Local\\Programs\\Python\\Python313\\Lib\\site-packages\\PyInstaller\\hooks'
62907 INFO: Processing standard module hook 'hook-scipy.stats._stats.py' from 'C:\\Users\\HP\\AppData\\Local\\Programs\\Python\\Python313\\Lib\\site-packages\\PyInstaller\\hooks'
64308 INFO: Processing standard module hook 'hook-scipy.sparse.csgraph.py' from 'C:\\Users\\HP\\AppData\\Local\\Programs\\Python\\Python313\\Lib\\site-packages\\PyInstaller\\hooks'
66685 INFO: Processing standard module hook 'hook-scipy.special._ellip_harm_2.py' from 'C:\\Users\\HP\\AppData\\Local\\Programs\\Python\\Python313\\Lib\\site-packages\\PyInstaller\\hooks'
69600 INFO: Processing standard module hook 'hook-openpyxl.py' from 'C:\\Users\\HP\\AppData\\Local\\Programs\\Python\\Python313\\Lib\\site-packages\\_pyinstaller_hooks_contrib\\stdhooks'
69901 INFO: Processing standard module hook 'hook-xml.etree.cElementTree.py' from 'C:\\Users\\HP\\AppData\\Local\\Programs\\Python\\Python313\\Lib\\site-packages\\PyInstaller\\hooks'
70115 INFO: Processing standard module hook 'hook-xml.dom.domreg.py' from 'C:\\Users\\HP\\AppData\\Local\\Programs\\Python\\Python313\\Lib\\site-packages\\PyInstaller\\hooks'
72934 INFO: Analyzing hidden import 'openpyxl.compat.abc'
72936 INFO: Analyzing hidden import 'openpyxl.compat.product'
72938 INFO: Analyzing hidden import 'openpyxl.compat.singleton'
72943 INFO: Analyzing hidden import 'openpyxl.descriptors.slots'
72948 INFO: Analyzing hidden import 'openpyxl.packaging.interface'
72952 INFO: Analyzing hidden import 'openpyxl.utils.dataframe'
72962 INFO: Analyzing hidden import 'openpyxl.utils.inference'
72967 INFO: Analyzing hidden import 'openpyxl.worksheet.cell_watch'
72970 INFO: Analyzing hidden import 'openpyxl.worksheet.controls'
72987 INFO: Analyzing hidden import 'openpyxl.worksheet.custom'
72990 INFO: Analyzing hidden import 'openpyxl.worksheet.errors'
72998 INFO: Analyzing hidden import 'openpyxl.worksheet.picture'
72999 INFO: Analyzing hidden import 'openpyxl.worksheet.smart_tag'
73005 INFO: Processing module hooks (post-graph stage)...
73480 WARNING: Hidden import "ascii__mypyc" not found!
73481 WARNING: Hidden import "confusion__mypyc" not found!
73481 WARNING: Hidden import "escape__mypyc" not found!
73482 WARNING: Hidden import "magic__mypyc" not found!
73482 WARNING: Hidden import "orchestrator__mypyc" not found!
73483 WARNING: Hidden import "statistical__mypyc" not found!
73483 WARNING: Hidden import "structural__mypyc" not found!
73484 WARNING: Hidden import "utf1632__mypyc" not found!
73484 WARNING: Hidden import "utf8__mypyc" not found!
73485 WARNING: Hidden import "validity__mypyc" not found!
73490 WARNING: Hidden import "pycparser.lextab" not found!
73490 WARNING: Hidden import "pycparser.yacctab" not found!
79630 WARNING: Hidden import "scipy.special._cdflib" not found!
79759 INFO: Processing standard module hook 'hook-tzdata.py' from 'C:\\Users\\HP\\AppData\\Local\\Programs\\Python\\Python313\\Lib\\site-packages\\_pyinstaller_hooks_contrib\\stdhooks'
80481 INFO: Performing binary vs. data reclassification (700 entries)
80717 INFO: Looking for ctypes DLLs
81099 INFO: Analyzing run-time hooks ...
81111 INFO: Including run-time hook 'pyi_rth_inspect.py' from 'C:\\Users\\HP\\AppData\\Local\\Programs\\Python\\Python313\\Lib\\site-packages\\PyInstaller\\hooks\\rthooks'
81117 INFO: Including run-time hook 'pyi_rth_pkgutil.py' from 'C:\\Users\\HP\\AppData\\Local\\Programs\\Python\\Python313\\Lib\\site-packages\\PyInstaller\\hooks\\rthooks'
81122 INFO: Including run-time hook 'pyi_rth_multiprocessing.py' from 'C:\\Users\\HP\\AppData\\Local\\Programs\\Python\\Python313\\Lib\\site-packages\\PyInstaller\\hooks\\rthooks'
81129 INFO: Including run-time hook 'pyi_rth_setuptools.py' from 'C:\\Users\\HP\\AppData\\Local\\Programs\\Python\\Python313\\Lib\\site-packages\\PyInstaller\\hooks\\rthooks'
81245 INFO: Creating base_library.zip...
81282 INFO: Looking for dynamic libraries
118161 INFO: Extra DLL search directories (AddDllDirectory): ['C:\\Users\\HP\\AppData\\Local\\Programs\\Python\\Python313\\Lib\\site-packages\\numpy.libs', 'C:\\Users\\HP\\AppData\\Local\\Programs\\Python\\Python313\\Lib\\site-packages\\scipy.libs', 'C:\\Users\\HP\\AppData\\Local\\Programs\\Python\\Python313\\Lib\\site-packages\\torch\\lib', 'C:\\Users\\HP\\AppData\\Local\\Programs\\Python\\Python313\\Lib\\site-packages\\pandas.libs', 'C:\\Users\\HP\\AppData\\Local\\Programs\\Python\\Python313\\Lib\\site-packages\\pyarrow.libs']
118161 INFO: Extra DLL search directories (PATH): []
122685 INFO: Warnings written to D:\tenhoulib\MortalSim\build\mortalsim_lite\warn-mortalsim_lite.txt
123166 INFO: Graph cross-reference written to D:\tenhoulib\MortalSim\build\mortalsim_lite\xref-mortalsim_lite.html
123353 INFO: checking PYZ
123353 INFO: Building PYZ because PYZ-00.toc is non existent
123353 INFO: Building PYZ (ZlibArchive) D:\tenhoulib\MortalSim\build\mortalsim_lite\PYZ-00.pyz
126711 INFO: Building PYZ (ZlibArchive) D:\tenhoulib\MortalSim\build\mortalsim_lite\PYZ-00.pyz completed successfully.
126823 INFO: checking PKG
126823 INFO: Building PKG because PKG-00.toc is non existent
126823 INFO: Building PKG (CArchive) MortalSim.pkg
126882 INFO: Building PKG (CArchive) MortalSim.pkg completed successfully.
126884 INFO: Bootloader C:\Users\HP\AppData\Local\Programs\Python\Python313\Lib\site-packages\PyInstaller\bootloader\Windows-64bit-intel\runw.exe
126884 INFO: checking EXE
126884 INFO: Building EXE because EXE-00.toc is non existent
126884 INFO: Building EXE from EXE-00.toc
126885 INFO: Copying bootloader EXE to D:\tenhoulib\MortalSim\build\mortalsim_lite\MortalSim.exe
127073 INFO: Copying icon to EXE
127157 INFO: Copying 0 resources to EXE
127157 INFO: Embedding manifest in EXE
127290 INFO: Appending PKG archive to EXE
127797 INFO: Fixing EXE headers
128667 INFO: Building EXE from EXE-00.toc completed successfully.
128684 INFO: checking COLLECT
128684 INFO: Building COLLECT because COLLECT-00.toc is non existent
128684 INFO: Removing dir D:\tenhoulib\MortalSim\dist\MortalSim
128912 INFO: Building COLLECT COLLECT-00.toc
131297 INFO: Building COLLECT COLLECT-00.toc completed successfully.
131338 INFO: Build complete! The results are available in: D:\tenhoulib\MortalSim\dist
